ERROR: dummy error log